
KV260 Benchmark — rounds 1–10
Frames: 100 | Run pause: 60s | Round pause: 300s
ORT threads: intra=4 inter=1
Started: 2026-08-12 07:23:52

Collecting board info...
  Measuring idle power (10s)...
Board info collected.

Loading DPU overlay...
DPU overlay loaded.

Collecting model graph metadata...
  resnet50: 188 ops, 54 conv2d-fix
  inceptionv1: 209 ops, 58 conv2d-fix
  yolov3: 260 ops, 75 conv2d-fix
Model metadata written.


============================================================
ROUND 1/10  [07:24:17]
============================================================
CMA free: 749380 kB ✓  |  Temp: 29.7°C

── RESNET50 DPU  round 1 [07:24:17]
  Loading xmodel...
  Measuring idle power (10s)...
  Warmup (10 frames)...
  Benchmarking (100 frames)...
  ✓ FPS:84.37  Lat:11.9±0.1ms  p99:12.0ms  Power:7.68W(idle:4.83W Δ:2.85W)  FPS/W:10.988(Δ:29.613)  Temp:29.7→30.7°C

  [after resnet50 dpu] cooling down 60s...
    60s remaining...
    30s remaining...
  Done cooling.

── RESNET50 CPU  round 1 [07:25:29]
[0;93m2026-08-12 07:25:29.147262821 [W:onnxruntime:Default, device_discovery.cc:164 DiscoverDevicesForPlatform] GPU device discovery failed: device_discovery.cc:89 ReadFileContents Failed to open file: "/sys/class/drm/card1/device/vendor"[m
  Loading ONNX model...
  Measuring idle power (10s)...
  Warmup (3 frames)...
  Benchmarking (100 frames)...
  ✓ FPS:1.54  Lat:649.1±141.2ms  p99:1611.2ms  Power:6.00W(idle:4.82W Δ:1.18W)  FPS/W:0.257(Δ:1.308)  Temp:30.5→30.8°C

  [after resnet50 cpu] cooling down 60s...
    60s remaining...
    30s remaining...
  Done cooling.

── INCEPTIONV1 DPU  round 1 [07:27:46]
  Loading xmodel...
  Measuring idle power (10s)...
  Warmup (10 frames)...
  Benchmarking (100 frames)...
  ✓ FPS:166.51  Lat:6.0±0.0ms  p99:6.1ms  Power:7.65W(idle:4.83W Δ:2.82W)  FPS/W:21.776(Δ:59.046)  Temp:31.6→29.1°C

  [after inceptionv1 dpu] cooling down 60s...
    60s remaining...
    30s remaining...
  Done cooling.

── INCEPTIONV1 CPU  round 1 [07:28:57]
  Loading ONNX model...
  Measuring idle power (10s)...
  Warmup (3 frames)...
  Benchmarking (100 frames)...
  ✓ FPS:3.85  Lat:259.7±5.1ms  p99:280.7ms  Power:5.99W(idle:4.83W Δ:1.16W)  FPS/W:0.643(Δ:3.324)  Temp:30.3→30.2°C

  [after inceptionv1 cpu] cooling down 60s...
    60s remaining...
    30s remaining...
  Done cooling.

── YOLOV3 DPU  round 1 [07:30:34]
  Loading xmodel...
  Measuring idle power (10s)...
  Warmup (10 frames)...
  Benchmarking (100 frames)...
  ✓ FPS:13.23  Lat:75.6±0.1ms  p99:75.7ms  Power:8.93W(idle:4.83W Δ:4.10W)  FPS/W:1.481(Δ:3.226)  Temp:29.7→32.8°C

  [after yolov3 dpu] cooling down 60s...
    60s remaining...
    30s remaining...
  Done cooling.

── YOLOV3 CPU  round 1 [07:31:54]
  Loading ONNX model...
  Measuring idle power (10s)...
  Warmup (3 frames)...
  Benchmarking (100 frames)...
  ✓ FPS:0.22  Lat:4634.8±11.3ms  p99:4671.7ms  Power:6.12W(idle:4.83W Δ:1.29W)  FPS/W:0.035(Δ:0.167)  Temp:29.5→32.3°C

Round 1 complete. [07:40:03]

  [end of round 1] cooling down 300s...
    300s remaining...
    270s remaining...
    240s remaining...
    210s remaining...
    180s remaining...
    150s remaining...
    120s remaining...
    90s remaining...
    60s remaining...
    30s remaining...
  Done cooling.

============================================================
ROUND 2/10  [07:45:04]
============================================================
CMA free: 637068 kB ✓  |  Temp: 29.0°C

── RESNET50 DPU  round 2 [07:45:04]
  Loading xmodel...
  Measuring idle power (10s)...
  Warmup (10 frames)...
  Benchmarking (100 frames)...
  ✓ FPS:84.42  Lat:11.8±0.1ms  p99:12.0ms  Power:7.87W(idle:4.83W Δ:3.04W)  FPS/W:10.731(Δ:27.805)  Temp:31.4→31.1°C

  [after resnet50 dpu] cooling down 60s...
    60s remaining...
    30s remaining...
  Done cooling.

── RESNET50 CPU  round 2 [07:46:16]
  Loading ONNX model...
  Measuring idle power (10s)...
  Warmup (3 frames)...
  Benchmarking (100 frames)...
  ✓ FPS:1.60  Lat:626.3±5.1ms  p99:641.3ms  Power:6.01W(idle:4.83W Δ:1.19W)  FPS/W:0.266(Δ:1.347)  Temp:28.9→32.2°C

  [after resnet50 cpu] cooling down 60s...
    60s remaining...
    30s remaining...
  Done cooling.

── INCEPTIONV1 DPU  round 2 [07:48:31]
  Loading xmodel...
  Measuring idle power (10s)...
  Warmup (10 frames)...
  Benchmarking (100 frames)...
  ✓ FPS:166.06  Lat:6.0±0.0ms  p99:6.2ms  Power:7.44W(idle:4.83W Δ:2.61W)  FPS/W:22.304(Δ:63.501)  Temp:30.9→30.5°C

  [after inceptionv1 dpu] cooling down 60s...
    60s remaining...
    30s remaining...
  Done cooling.

── INCEPTIONV1 CPU  round 2 [07:49:42]
  Loading ONNX model...
  Measuring idle power (10s)...
  Warmup (3 frames)...
  Benchmarking (100 frames)...
  ✓ FPS:3.86  Lat:258.8±4.1ms  p99:272.0ms  Power:5.98W(idle:4.82W Δ:1.15W)  FPS/W:0.647(Δ:3.349)  Temp:28.4→32.2°C

  [after inceptionv1 cpu] cooling down 60s...
    60s remaining...
    30s remaining...
  Done cooling.

── YOLOV3 DPU  round 2 [07:51:19]
  Loading xmodel...
  Measuring idle power (10s)...
  Warmup (10 frames)...
  Benchmarking (100 frames)...
  ✓ FPS:13.24  Lat:75.6±0.1ms  p99:75.8ms  Power:9.03W(idle:4.82W Δ:4.21W)  FPS/W:1.465(Δ:3.142)  Temp:30.4→32.4°C

  [after yolov3 dpu] cooling down 60s...
    60s remaining...
    30s remaining...
  Done cooling.

── YOLOV3 CPU  round 2 [07:52:39]
  Loading ONNX model...
  Measuring idle power (10s)...
  Warmup (3 frames)...
  Benchmarking (100 frames)...
  ✓ FPS:0.21  Lat:4665.3±166.9ms  p99:5447.0ms  Power:6.13W(idle:4.83W Δ:1.30W)  FPS/W:0.035(Δ:0.165)  Temp:29.1→31.2°C

Round 2 complete. [08:00:51]

  [end of round 2] cooling down 300s...
    300s remaining...
    270s remaining...
    240s remaining...
    210s remaining...
    180s remaining...
    150s remaining...
    120s remaining...
    90s remaining...
    60s remaining...
    30s remaining...
  Done cooling.

============================================================
ROUND 3/10  [08:05:51]
============================================================
CMA free: 766992 kB ✓  |  Temp: 28.5°C

── RESNET50 DPU  round 3 [08:05:51]
  Loading xmodel...
  Measuring idle power (10s)...
  Warmup (10 frames)...
  Benchmarking (100 frames)...
  ✓ FPS:84.44  Lat:11.8±0.1ms  p99:12.0ms  Power:7.81W(idle:4.83W Δ:2.98W)  FPS/W:10.814(Δ:28.320)  Temp:29.9→30.7°C

  [after resnet50 dpu] cooling down 60s...
    60s remaining...
    30s remaining...
  Done cooling.

── RESNET50 CPU  round 3 [08:07:03]
  Loading ONNX model...
  Measuring idle power (10s)...
  Warmup (3 frames)...
  Benchmarking (100 frames)...
  ✓ FPS:1.59  Lat:627.7±5.2ms  p99:642.6ms  Power:6.01W(idle:4.83W Δ:1.18W)  FPS/W:0.265(Δ:1.350)  Temp:30.7→31.6°C

  [after resnet50 cpu] cooling down 60s...
    60s remaining...
    30s remaining...
  Done cooling.

── INCEPTIONV1 DPU  round 3 [08:09:19]
  Loading xmodel...
  Measuring idle power (10s)...
  Warmup (10 frames)...
  Benchmarking (100 frames)...
  ✓ FPS:165.50  Lat:6.0±0.1ms  p99:6.2ms  Power:7.38W(idle:4.83W Δ:2.55W)  FPS/W:22.426(Δ:65.015)  Temp:30.7→30.2°C

  [after inceptionv1 dpu] cooling down 60s...
    60s remaining...
    30s remaining...
  Done cooling.

── INCEPTIONV1 CPU  round 3 [08:10:30]
  Loading ONNX model...
  Measuring idle power (10s)...
  Warmup (3 frames)...
  Benchmarking (100 frames)...
  ✓ FPS:3.87  Lat:258.6±3.6ms  p99:272.5ms  Power:5.97W(idle:4.83W Δ:1.14W)  FPS/W:0.648(Δ:3.396)  Temp:30.4→32.3°C

  [after inceptionv1 cpu] cooling down 60s...
    60s remaining...
    30s remaining...
  Done cooling.

── YOLOV3 DPU  round 3 [08:12:06]
  Loading xmodel...
  Measuring idle power (10s)...
  Warmup (10 frames)...
  Benchmarking (100 frames)...
  ✓ FPS:13.18  Lat:75.9±0.4ms  p99:77.1ms  Power:9.50W(idle:4.84W Δ:4.66W)  FPS/W:1.388(Δ:2.829)  Temp:30.3→31.7°C

  [after yolov3 dpu] cooling down 60s...
    60s remaining...
    30s remaining...
  Done cooling.

── YOLOV3 CPU  round 3 [08:13:26]
  Loading ONNX model...
  Measuring idle power (10s)...
  Warmup (3 frames)...
  Benchmarking (100 frames)...
  ✓ FPS:0.22  Lat:4635.5±13.3ms  p99:4674.7ms  Power:6.13W(idle:4.84W Δ:1.29W)  FPS/W:0.035(Δ:0.167)  Temp:31.6→31.7°C

Round 3 complete. [08:21:36]

  [end of round 3] cooling down 300s...
    300s remaining...
    270s remaining...
    240s remaining...
    210s remaining...
    180s remaining...
    150s remaining...
    120s remaining...
    90s remaining...
    60s remaining...
    30s remaining...
  Done cooling.

============================================================
ROUND 4/10  [08:26:36]
============================================================
CMA free: 765352 kB ✓  |  Temp: 30.5°C

── RESNET50 DPU  round 4 [08:26:36]
  Loading xmodel...
  Measuring idle power (10s)...
  Warmup (10 frames)...
  Benchmarking (100 frames)...
  ✓ FPS:84.35  Lat:11.9±0.1ms  p99:12.0ms  Power:7.75W(idle:4.82W Δ:2.93W)  FPS/W:10.876(Δ:28.785)  Temp:30.8→29.2°C

  [after resnet50 dpu] cooling down 60s...
    60s remaining...
    30s remaining...
  Done cooling.

── RESNET50 CPU  round 4 [08:27:48]
  Loading ONNX model...
  Measuring idle power (10s)...
  Warmup (3 frames)...
  Benchmarking (100 frames)...
  ✓ FPS:1.59  Lat:627.6±5.2ms  p99:639.3ms  Power:6.01W(idle:4.82W Δ:1.19W)  FPS/W:0.265(Δ:1.342)  Temp:30.4→32.1°C

  [after resnet50 cpu] cooling down 60s...
    60s remaining...
    30s remaining...
  Done cooling.

── INCEPTIONV1 DPU  round 4 [08:30:03]
  Loading xmodel...
  Measuring idle power (10s)...
  Warmup (10 frames)...
  Benchmarking (100 frames)...
  ✓ FPS:165.73  Lat:6.0±0.1ms  p99:6.2ms  Power:7.29W(idle:4.84W Δ:2.44W)  FPS/W:22.749(Δ:67.854)  Temp:28.9→30.9°C

  [after inceptionv1 dpu] cooling down 60s...
    60s remaining...
    30s remaining...
  Done cooling.

── INCEPTIONV1 CPU  round 4 [08:31:14]
  Loading ONNX model...
  Measuring idle power (10s)...
  Warmup (3 frames)...
  Benchmarking (100 frames)...
  ✓ FPS:3.88  Lat:258.0±2.8ms  p99:269.1ms  Power:5.99W(idle:4.84W Δ:1.15W)  FPS/W:0.648(Δ:3.374)  Temp:30.9→32.1°C

  [after inceptionv1 cpu] cooling down 60s...
    60s remaining...
    30s remaining...
  Done cooling.

── YOLOV3 DPU  round 4 [08:32:51]
  Loading xmodel...
  Measuring idle power (10s)...
  Warmup (10 frames)...
  Benchmarking (100 frames)...
  ✓ FPS:13.23  Lat:75.6±0.1ms  p99:75.7ms  Power:9.14W(idle:4.83W Δ:4.32W)  FPS/W:1.447(Δ:3.065)  Temp:30.4→32.7°C

  [after yolov3 dpu] cooling down 60s...
    60s remaining...
    30s remaining...
  Done cooling.

── YOLOV3 CPU  round 4 [08:34:11]
  Loading ONNX model...
  Measuring idle power (10s)...
  Warmup (3 frames)...
  Benchmarking (100 frames)...
  ✓ FPS:0.21  Lat:4665.4±277.4ms  p99:4727.6ms  Power:6.13W(idle:4.83W Δ:1.30W)  FPS/W:0.035(Δ:0.165)  Temp:29.9→32.2°C

Round 4 complete. [08:42:23]

  [end of round 4] cooling down 300s...
    300s remaining...
    270s remaining...
    240s remaining...
    210s remaining...
    180s remaining...
    150s remaining...
    120s remaining...
    90s remaining...
    60s remaining...
    30s remaining...
  Done cooling.

============================================================
ROUND 5/10  [08:47:23]
============================================================
CMA free: 623572 kB ✓  |  Temp: 28.2°C

── RESNET50 DPU  round 5 [08:47:23]
  Loading xmodel...
  Measuring idle power (10s)...
  Warmup (10 frames)...
  Benchmarking (100 frames)...
  ✓ FPS:84.38  Lat:11.9±0.1ms  p99:12.0ms  Power:7.94W(idle:4.83W Δ:3.11W)  FPS/W:10.627(Δ:27.094)  Temp:28.8→30.1°C

  [after resnet50 dpu] cooling down 60s...
    60s remaining...
    30s remaining...
  Done cooling.

── RESNET50 CPU  round 5 [08:48:35]
  Loading ONNX model...
  Measuring idle power (10s)...
  Warmup (3 frames)...
  Benchmarking (100 frames)...
  ✓ FPS:1.59  Lat:628.1±5.6ms  p99:648.8ms  Power:6.01W(idle:4.83W Δ:1.18W)  FPS/W:0.265(Δ:1.344)  Temp:30.6→32.7°C

  [after resnet50 cpu] cooling down 60s...
    60s remaining...
    30s remaining...
  Done cooling.

── INCEPTIONV1 DPU  round 5 [08:50:51]
  Loading xmodel...
  Measuring idle power (10s)...
  Warmup (10 frames)...
  Benchmarking (100 frames)...
  ✓ FPS:165.62  Lat:6.0±0.0ms  p99:6.2ms  Power:7.48W(idle:4.83W Δ:2.64W)  FPS/W:22.156(Δ:62.687)  Temp:30.3→30.0°C

  [after inceptionv1 dpu] cooling down 60s...
    60s remaining...
    30s remaining...
  Done cooling.

── INCEPTIONV1 CPU  round 5 [08:52:02]
  Loading ONNX model...
  Measuring idle power (10s)...
  Warmup (3 frames)...
  Benchmarking (100 frames)...
  ✓ FPS:3.86  Lat:259.3±3.0ms  p99:270.5ms  Power:6.00W(idle:4.82W Δ:1.17W)  FPS/W:0.643(Δ:3.287)  Temp:29.3→31.4°C

  [after inceptionv1 cpu] cooling down 60s...
    60s remaining...
    30s remaining...
  Done cooling.

── YOLOV3 DPU  round 5 [08:53:39]
  Loading xmodel...
  Measuring idle power (10s)...
  Warmup (10 frames)...
  Benchmarking (100 frames)...
  ✓ FPS:13.24  Lat:75.5±0.1ms  p99:75.7ms  Power:9.07W(idle:4.83W Δ:4.25W)  FPS/W:1.459(Δ:3.118)  Temp:29.0→31.7°C

  [after yolov3 dpu] cooling down 60s...
    60s remaining...
    30s remaining...
  Done cooling.

── YOLOV3 CPU  round 5 [08:54:59]
  Loading ONNX model...
  Measuring idle power (10s)...
  Warmup (3 frames)...
  Benchmarking (100 frames)...
  ✓ FPS:0.22  Lat:4636.3±11.0ms  p99:4665.0ms  Power:6.13W(idle:5.08W Δ:1.04W)  FPS/W:0.035(Δ:0.207)  Temp:30.4→31.9°C

Round 5 complete. [09:03:08]

  [end of round 5] cooling down 300s...
    300s remaining...
    270s remaining...
    240s remaining...
    210s remaining...
    180s remaining...
    150s remaining...
    120s remaining...
    90s remaining...
    60s remaining...
    30s remaining...
  Done cooling.

============================================================
ROUND 6/10  [09:08:08]
============================================================
CMA free: 625800 kB ✓  |  Temp: 29.0°C

── RESNET50 DPU  round 6 [09:08:08]
  Loading xmodel...
  Measuring idle power (10s)...
  Warmup (10 frames)...
  Benchmarking (100 frames)...
  ✓ FPS:84.30  Lat:11.9±0.1ms  p99:12.2ms  Power:7.68W(idle:4.83W Δ:2.85W)  FPS/W:10.979(Δ:29.608)  Temp:29.8→29.3°C

  [after resnet50 dpu] cooling down 60s...
    60s remaining...
    30s remaining...
  Done cooling.

── RESNET50 CPU  round 6 [09:09:20]
  Loading ONNX model...
  Measuring idle power (10s)...
  Warmup (3 frames)...
  Benchmarking (100 frames)...
  ✓ FPS:1.60  Lat:625.8±4.6ms  p99:639.5ms  Power:6.02W(idle:4.83W Δ:1.19W)  FPS/W:0.266(Δ:1.342)  Temp:30.1→31.4°C

  [after resnet50 cpu] cooling down 60s...
    60s remaining...
    30s remaining...
  Done cooling.

── INCEPTIONV1 DPU  round 6 [09:11:35]
  Loading xmodel...
  Measuring idle power (10s)...
  Warmup (10 frames)...
  Benchmarking (100 frames)...
  ✓ FPS:165.42  Lat:6.0±0.0ms  p99:6.2ms  Power:7.60W(idle:4.83W Δ:2.76W)  FPS/W:21.780(Δ:59.874)  Temp:29.3→29.3°C

  [after inceptionv1 dpu] cooling down 60s...
    60s remaining...
    30s remaining...
  Done cooling.

── INCEPTIONV1 CPU  round 6 [09:12:46]
  Loading ONNX model...
  Measuring idle power (10s)...
  Warmup (3 frames)...
  Benchmarking (100 frames)...
  ✓ FPS:3.87  Lat:258.4±3.7ms  p99:275.4ms  Power:5.99W(idle:4.85W Δ:1.14W)  FPS/W:0.647(Δ:3.394)  Temp:30.1→33.5°C

  [after inceptionv1 cpu] cooling down 60s...
    60s remaining...
    30s remaining...
  Done cooling.

── YOLOV3 DPU  round 6 [09:14:23]
  Loading xmodel...
  Measuring idle power (10s)...
  Warmup (10 frames)...
  Benchmarking (100 frames)...
  ✓ FPS:13.24  Lat:75.6±0.1ms  p99:75.7ms  Power:9.01W(idle:4.83W Δ:4.18W)  FPS/W:1.470(Δ:3.169)  Temp:30.9→32.0°C

  [after yolov3 dpu] cooling down 60s...
    60s remaining...
    30s remaining...
  Done cooling.

── YOLOV3 CPU  round 6 [09:15:43]
  Loading ONNX model...
  Measuring idle power (10s)...
  Warmup (3 frames)...
  Benchmarking (100 frames)...
  ✓ FPS:0.22  Lat:4648.6±12.7ms  p99:4684.1ms  Power:6.13W(idle:4.83W Δ:1.30W)  FPS/W:0.035(Δ:0.166)  Temp:30.7→32.9°C

Round 6 complete. [09:23:54]

  [end of round 6] cooling down 300s...
    300s remaining...
    270s remaining...
    240s remaining...
    210s remaining...
    180s remaining...
    150s remaining...
    120s remaining...
    90s remaining...
    60s remaining...
    30s remaining...
  Done cooling.

============================================================
ROUND 7/10  [09:28:54]
============================================================
CMA free: 572504 kB ✓  |  Temp: 30.4°C

── RESNET50 DPU  round 7 [09:28:54]
  Loading xmodel...
  Measuring idle power (10s)...
  Warmup (10 frames)...
  Benchmarking (100 frames)...
  ✓ FPS:84.45  Lat:11.8±0.1ms  p99:12.0ms  Power:7.77W(idle:4.83W Δ:2.95W)  FPS/W:10.867(Δ:28.672)  Temp:31.2→30.5°C

  [after resnet50 dpu] cooling down 60s...
    60s remaining...
    30s remaining...
  Done cooling.

── RESNET50 CPU  round 7 [09:30:06]
  Loading ONNX model...
  Measuring idle power (10s)...
  Warmup (3 frames)...
  Benchmarking (100 frames)...
  ✓ FPS:1.59  Lat:630.5±5.2ms  p99:643.0ms  Power:6.02W(idle:4.83W Δ:1.19W)  FPS/W:0.264(Δ:1.335)  Temp:30.8→33.2°C

  [after resnet50 cpu] cooling down 60s...
    60s remaining...
    30s remaining...
  Done cooling.

── INCEPTIONV1 DPU  round 7 [09:32:22]
  Loading xmodel...
  Measuring idle power (10s)...
  Warmup (10 frames)...
  Benchmarking (100 frames)...
  ✓ FPS:165.40  Lat:6.0±0.0ms  p99:6.2ms  Power:7.49W(idle:4.83W Δ:2.66W)  FPS/W:22.075(Δ:62.103)  Temp:29.5→29.0°C

  [after inceptionv1 dpu] cooling down 60s...
    60s remaining...
    30s remaining...
  Done cooling.

── INCEPTIONV1 CPU  round 7 [09:33:33]
  Loading ONNX model...
  Measuring idle power (10s)...
  Warmup (3 frames)...
  Benchmarking (100 frames)...
  ✓ FPS:3.85  Lat:259.8±4.5ms  p99:273.8ms  Power:5.99W(idle:4.82W Δ:1.17W)  FPS/W:0.642(Δ:3.289)  Temp:29.0→31.4°C

  [after inceptionv1 cpu] cooling down 60s...
    60s remaining...
    30s remaining...
  Done cooling.

── YOLOV3 DPU  round 7 [09:35:10]
  Loading xmodel...
  Measuring idle power (10s)...
  Warmup (10 frames)...
  Benchmarking (100 frames)...
  ✓ FPS:13.22  Lat:75.6±0.1ms  p99:75.8ms  Power:9.10W(idle:4.83W Δ:4.27W)  FPS/W:1.453(Δ:3.094)  Temp:29.8→31.3°C

  [after yolov3 dpu] cooling down 60s...
    60s remaining...
    30s remaining...
  Done cooling.

── YOLOV3 CPU  round 7 [09:36:30]
  Loading ONNX model...
  Measuring idle power (10s)...
  Warmup (3 frames)...
  Benchmarking (100 frames)...
  ✓ FPS:0.21  Lat:4684.2±269.9ms  p99:6477.6ms  Power:6.12W(idle:4.84W Δ:1.29W)  FPS/W:0.035(Δ:0.166)  Temp:29.5→33.1°C

Round 7 complete. [09:44:44]

  [end of round 7] cooling down 300s...
    300s remaining...
    270s remaining...
    240s remaining...
    210s remaining...
    180s remaining...
    150s remaining...
    120s remaining...
    90s remaining...
    60s remaining...
    30s remaining...
  Done cooling.

============================================================
ROUND 8/10  [09:49:44]
============================================================
CMA free: 625252 kB ✓  |  Temp: 29.9°C

── RESNET50 DPU  round 8 [09:49:44]
  Loading xmodel...
  Measuring idle power (10s)...
  Warmup (10 frames)...
  Benchmarking (100 frames)...
  ✓ FPS:84.43  Lat:11.8±0.1ms  p99:12.0ms  Power:7.80W(idle:4.84W Δ:2.96W)  FPS/W:10.826(Δ:28.496)  Temp:30.4→30.6°C

  [after resnet50 dpu] cooling down 60s...
    60s remaining...
    30s remaining...
  Done cooling.

── RESNET50 CPU  round 8 [09:50:56]
  Loading ONNX model...
  Measuring idle power (10s)...
  Warmup (3 frames)...
  Benchmarking (100 frames)...
  ✓ FPS:1.59  Lat:627.3±6.4ms  p99:658.2ms  Power:6.02W(idle:4.83W Δ:1.19W)  FPS/W:0.265(Δ:1.342)  Temp:30.5→30.9°C

  [after resnet50 cpu] cooling down 60s...
    60s remaining...
    30s remaining...
  Done cooling.

── INCEPTIONV1 DPU  round 8 [09:53:11]
  Loading xmodel...
  Measuring idle power (10s)...
  Warmup (10 frames)...
  Benchmarking (100 frames)...
  ✓ FPS:165.78  Lat:6.0±0.0ms  p99:6.1ms  Power:7.34W(idle:4.83W Δ:2.51W)  FPS/W:22.593(Δ:66.124)  Temp:30.0→30.1°C

  [after inceptionv1 dpu] cooling down 60s...
    60s remaining...
    30s remaining...
  Done cooling.

── INCEPTIONV1 CPU  round 8 [09:54:22]
  Loading ONNX model...
  Measuring idle power (10s)...
  Warmup (3 frames)...
  Benchmarking (100 frames)...
  ✓ FPS:3.86  Lat:259.2±4.0ms  p99:273.9ms  Power:5.98W(idle:4.82W Δ:1.16W)  FPS/W:0.645(Δ:3.337)  Temp:27.1→30.8°C

  [after inceptionv1 cpu] cooling down 60s...
    60s remaining...
    30s remaining...
  Done cooling.

── YOLOV3 DPU  round 8 [09:55:59]
  Loading xmodel...
  Measuring idle power (10s)...
  Warmup (10 frames)...
  Benchmarking (100 frames)...
  ✓ FPS:13.23  Lat:75.6±0.1ms  p99:75.7ms  Power:9.14W(idle:4.84W Δ:4.30W)  FPS/W:1.448(Δ:3.078)  Temp:29.1→31.2°C

  [after yolov3 dpu] cooling down 60s...
    60s remaining...
    30s remaining...
  Done cooling.

── YOLOV3 CPU  round 8 [09:57:18]
  Loading ONNX model...
  Measuring idle power (10s)...
  Warmup (3 frames)...
  Benchmarking (100 frames)...
  ✓ FPS:0.22  Lat:4616.3±16.2ms  p99:4671.1ms  Power:6.12W(idle:4.83W Δ:1.30W)  FPS/W:0.035(Δ:0.167)  Temp:29.2→31.7°C

Round 8 complete. [10:05:26]

  [end of round 8] cooling down 300s...
    300s remaining...
    270s remaining...
    240s remaining...
    210s remaining...
    180s remaining...
    150s remaining...
    120s remaining...
    90s remaining...
    60s remaining...
    30s remaining...
  Done cooling.

============================================================
ROUND 9/10  [10:10:26]
============================================================
CMA free: 602076 kB ✓  |  Temp: 30.2°C

── RESNET50 DPU  round 9 [10:10:26]
  Loading xmodel...
  Measuring idle power (10s)...
  Warmup (10 frames)...
  Benchmarking (100 frames)...
  ✓ FPS:84.39  Lat:11.8±0.1ms  p99:12.2ms  Power:7.79W(idle:4.82W Δ:2.97W)  FPS/W:10.833(Δ:28.451)  Temp:30.2→29.7°C

  [after resnet50 dpu] cooling down 60s...
    60s remaining...
    30s remaining...
  Done cooling.

── RESNET50 CPU  round 9 [10:11:38]
  Loading ONNX model...
  Measuring idle power (10s)...
  Warmup (3 frames)...
  Benchmarking (100 frames)...
  ✓ FPS:1.48  Lat:675.3±210.3ms  p99:1793.3ms  Power:6.00W(idle:4.83W Δ:1.17W)  FPS/W:0.247(Δ:1.261)  Temp:30.5→31.2°C

  [after resnet50 cpu] cooling down 60s...
    60s remaining...
    30s remaining...
  Done cooling.

── INCEPTIONV1 DPU  round 9 [10:13:58]
  Loading xmodel...
  Measuring idle power (10s)...
  Warmup (10 frames)...
  Benchmarking (100 frames)...
  ✓ FPS:165.98  Lat:6.0±0.1ms  p99:6.3ms  Power:7.19W(idle:4.83W Δ:2.36W)  FPS/W:23.076(Δ:70.248)  Temp:31.0→30.8°C

  [after inceptionv1 dpu] cooling down 60s...
    60s remaining...
    30s remaining...
  Done cooling.

── INCEPTIONV1 CPU  round 9 [10:15:09]
  Loading ONNX model...
  Measuring idle power (10s)...
  Warmup (3 frames)...
  Benchmarking (100 frames)...
  ✓ FPS:3.86  Lat:258.8±2.7ms  p99:268.9ms  Power:5.99W(idle:4.84W Δ:1.14W)  FPS/W:0.645(Δ:3.377)  Temp:29.4→32.5°C

  [after inceptionv1 cpu] cooling down 60s...
    60s remaining...
    30s remaining...
  Done cooling.

── YOLOV3 DPU  round 9 [10:16:46]
  Loading xmodel...
  Measuring idle power (10s)...
  Warmup (10 frames)...
  Benchmarking (100 frames)...
  ✓ FPS:13.23  Lat:75.6±0.1ms  p99:75.7ms  Power:9.15W(idle:4.82W Δ:4.33W)  FPS/W:1.446(Δ:3.057)  Temp:30.1→31.4°C

  [after yolov3 dpu] cooling down 60s...
    60s remaining...
    30s remaining...
  Done cooling.

── YOLOV3 CPU  round 9 [10:18:05]
  Loading ONNX model...
  Measuring idle power (10s)...
  Warmup (3 frames)...
  Benchmarking (100 frames)...
  ✓ FPS:0.22  Lat:4633.3±14.5ms  p99:4676.6ms  Power:6.12W(idle:4.83W Δ:1.30W)  FPS/W:0.035(Δ:0.167)  Temp:31.0→30.4°C

Round 9 complete. [10:26:14]

  [end of round 9] cooling down 300s...
    300s remaining...
    270s remaining...
    240s remaining...
    210s remaining...
    180s remaining...
    150s remaining...
    120s remaining...
    90s remaining...
    60s remaining...
    30s remaining...
  Done cooling.

============================================================
ROUND 10/10  [10:31:14]
============================================================
CMA free: 604848 kB ✓  |  Temp: 29.1°C

── RESNET50 DPU  round 10 [10:31:14]
  Loading xmodel...
  Measuring idle power (10s)...
  Warmup (10 frames)...
  Benchmarking (100 frames)...
  ✓ FPS:84.32  Lat:11.9±0.1ms  p99:12.2ms  Power:7.68W(idle:4.83W Δ:2.84W)  FPS/W:10.985(Δ:29.660)  Temp:28.6→29.6°C

  [after resnet50 dpu] cooling down 60s...
    60s remaining...
    30s remaining...
  Done cooling.

── RESNET50 CPU  round 10 [10:32:26]
  Loading ONNX model...
  Measuring idle power (10s)...
  Warmup (3 frames)...
  Benchmarking (100 frames)...
  ✓ FPS:1.59  Lat:627.0±5.5ms  p99:640.3ms  Power:6.01W(idle:4.83W Δ:1.19W)  FPS/W:0.265(Δ:1.344)  Temp:30.8→31.1°C

  [after resnet50 cpu] cooling down 60s...
    60s remaining...
    30s remaining...
  Done cooling.

── INCEPTIONV1 DPU  round 10 [10:34:41]
  Loading xmodel...
  Measuring idle power (10s)...
  Warmup (10 frames)...
  Benchmarking (100 frames)...
  ✓ FPS:165.56  Lat:6.0±0.1ms  p99:6.2ms  Power:7.17W(idle:4.83W Δ:2.34W)  FPS/W:23.107(Δ:70.796)  Temp:29.2→31.1°C

  [after inceptionv1 dpu] cooling down 60s...
    60s remaining...
    30s remaining...
  Done cooling.

── INCEPTIONV1 CPU  round 10 [10:35:53]
  Loading ONNX model...
  Measuring idle power (10s)...
  Warmup (3 frames)...
  Benchmarking (100 frames)...
  ✓ FPS:3.86  Lat:259.2±4.5ms  p99:271.6ms  Power:5.98W(idle:4.82W Δ:1.16W)  FPS/W:0.645(Δ:3.339)  Temp:29.2→30.5°C

  [after inceptionv1 cpu] cooling down 60s...
    60s remaining...
    30s remaining...
  Done cooling.

── YOLOV3 DPU  round 10 [10:37:29]
  Loading xmodel...
  Measuring idle power (10s)...
  Warmup (10 frames)...
  Benchmarking (100 frames)...
  ✓ FPS:13.23  Lat:75.6±0.1ms  p99:75.8ms  Power:9.03W(idle:4.82W Δ:4.21W)  FPS/W:1.465(Δ:3.145)  Temp:30.8→30.3°C

  [after yolov3 dpu] cooling down 60s...
    60s remaining...
    30s remaining...
  Done cooling.

── YOLOV3 CPU  round 10 [10:38:49]
  Loading ONNX model...
  Measuring idle power (10s)...
  Warmup (3 frames)...
  Benchmarking (100 frames)...
  ✓ FPS:0.22  Lat:4646.0±11.3ms  p99:4679.3ms  Power:6.12W(idle:4.83W Δ:1.29W)  FPS/W:0.035(Δ:0.166)  Temp:29.9→31.6°C

Round 10 complete. [10:46:59]

============================================================
ALL DONE — 2026-08-12 10:46:59
Results: /home/ubuntu/dpu_benchmark/RESULTS.md
Raw latencies: /home/ubuntu/dpu_benchmark/raw_latencies/
Power waveforms: /home/ubuntu/dpu_benchmark/raw_power/
