
KV260 Extra Benchmarks — MNIST + Resizer
Rounds: 10 | Frames: 100 | Run pause: 60s | Round pause: 300s
Started: 2026-08-12 14:16:03

Loading MNIST test data...
  10000 test images loaded.

Loading DPU overlay for MNIST...
DPU overlay loaded.


============================================================
MNIST ROUND 1/10  [14:16:04]
============================================================

── MNIST DPU  round 1 [14:16:04]
  Loading MNIST xmodel...
  Measuring idle power (10s)...
  Warmup (10 frames)...
  Benchmarking (100 frames)...
  ✓ FPS:3671.9  Acc:99.0%  Lat:0.272±0.023ms  Power:4.80W(Δ:0.00W)  FPS/W:764.98(Δ:0.00)  Temp:28.8→27.6°C

  [mnist dpu→cpu] cooling down 60s...
    60s remaining...
    30s remaining...
  Done cooling.

── MNIST CPU  round 1 [14:17:15]
[0;93m2026-08-12 14:17:15.277589217 [W:onnxruntime:Default, device_discovery.cc:164 DiscoverDevicesForPlatform] GPU device discovery failed: device_discovery.cc:89 ReadFileContents Failed to open file: "/sys/class/drm/card1/device/vendor"[m
  Loading MNIST ONNX model...
  Measuring idle power (10s)...
  Warmup (5 frames)...
  Benchmarking (100 frames)...
  ✓ FPS:2418.0  Acc:98.0%  Lat:0.414±0.122ms  Power:5.26W(Δ:0.43W)  FPS/W:459.69(Δ:5638.95)  Temp:28.1→28.9°C

MNIST Round 1 complete. [14:17:25]

  [end of MNIST round 1] cooling down 300s...
    300s remaining...
    270s remaining...
    240s remaining...
    210s remaining...
    180s remaining...
    150s remaining...
    120s remaining...
    90s remaining...
    60s remaining...
    30s remaining...
  Done cooling.

============================================================
MNIST ROUND 2/10  [14:22:25]
============================================================

── MNIST DPU  round 2 [14:22:25]
  Loading MNIST xmodel...
  Measuring idle power (10s)...
  Warmup (10 frames)...
  Benchmarking (100 frames)...
  ✓ FPS:3684.5  Acc:99.0%  Lat:0.271±0.019ms  Power:5.01W(Δ:0.20W)  FPS/W:735.42(Δ:18646.09)  Temp:28.4→27.8°C

  [mnist dpu→cpu] cooling down 60s...
    60s remaining...
    30s remaining...
  Done cooling.

── MNIST CPU  round 2 [14:23:35]
  Loading MNIST ONNX model...
  Measuring idle power (10s)...
  Warmup (5 frames)...
  Benchmarking (100 frames)...
  ✓ FPS:2418.5  Acc:98.0%  Lat:0.413±0.121ms  Power:4.82W(Δ:0.00W)  FPS/W:501.77(Δ:0.00)  Temp:29.3→27.9°C

MNIST Round 2 complete. [14:23:46]

  [end of MNIST round 2] cooling down 300s...
    300s remaining...
    270s remaining...
    240s remaining...
    210s remaining...
    180s remaining...
    150s remaining...
    120s remaining...
    90s remaining...
    60s remaining...
    30s remaining...
  Done cooling.

============================================================
MNIST ROUND 3/10  [14:28:46]
============================================================

── MNIST DPU  round 3 [14:28:46]
  Loading MNIST xmodel...
  Measuring idle power (10s)...
  Warmup (10 frames)...
  Benchmarking (100 frames)...
  ✓ FPS:3647.8  Acc:99.0%  Lat:0.274±0.017ms  Power:4.79W(Δ:0.00W)  FPS/W:761.55(Δ:0.00)  Temp:28.6→27.8°C

  [mnist dpu→cpu] cooling down 60s...
    60s remaining...
    30s remaining...
  Done cooling.

── MNIST CPU  round 3 [14:29:56]
  Loading MNIST ONNX model...
  Measuring idle power (10s)...
  Warmup (5 frames)...
  Benchmarking (100 frames)...
  ✓ FPS:2395.1  Acc:98.0%  Lat:0.418±0.121ms  Power:5.06W(Δ:0.23W)  FPS/W:473.35(Δ:10226.89)  Temp:29.1→28.4°C

MNIST Round 3 complete. [14:30:06]

  [end of MNIST round 3] cooling down 300s...
    300s remaining...
    270s remaining...
    240s remaining...
    210s remaining...
    180s remaining...
    150s remaining...
    120s remaining...
    90s remaining...
    60s remaining...
    30s remaining...
  Done cooling.

============================================================
MNIST ROUND 4/10  [14:35:06]
============================================================

── MNIST DPU  round 4 [14:35:06]
  Loading MNIST xmodel...
  Measuring idle power (10s)...
  Warmup (10 frames)...
  Benchmarking (100 frames)...
  ✓ FPS:3646.4  Acc:99.0%  Lat:0.274±0.018ms  Power:4.85W(Δ:0.04W)  FPS/W:751.83(Δ:90256.22)  Temp:29.1→28.1°C

  [mnist dpu→cpu] cooling down 60s...
    60s remaining...
    30s remaining...
  Done cooling.

── MNIST CPU  round 4 [14:36:17]
  Loading MNIST ONNX model...
  Measuring idle power (10s)...
  Warmup (5 frames)...
  Benchmarking (100 frames)...
  ✓ FPS:2442.4  Acc:98.0%  Lat:0.409±0.125ms  Power:4.80W(Δ:0.00W)  FPS/W:508.84(Δ:0.00)  Temp:27.7→27.8°C

MNIST Round 4 complete. [14:36:27]

  [end of MNIST round 4] cooling down 300s...
    300s remaining...
    270s remaining...
    240s remaining...
    210s remaining...
    180s remaining...
    150s remaining...
    120s remaining...
    90s remaining...
    60s remaining...
    30s remaining...
  Done cooling.

============================================================
MNIST ROUND 5/10  [14:41:27]
============================================================

── MNIST DPU  round 5 [14:41:27]
  Loading MNIST xmodel...
  Measuring idle power (10s)...
  Warmup (10 frames)...
  Benchmarking (100 frames)...
  ✓ FPS:3597.9  Acc:99.0%  Lat:0.278±0.025ms  Power:4.80W(Δ:0.00W)  FPS/W:749.57(Δ:0.00)  Temp:27.7→29.3°C

  [mnist dpu→cpu] cooling down 60s...
    60s remaining...
    30s remaining...
  Done cooling.

── MNIST CPU  round 5 [14:42:37]
  Loading MNIST ONNX model...
  Measuring idle power (10s)...
  Warmup (5 frames)...
  Benchmarking (100 frames)...
  ✓ FPS:2402.8  Acc:98.0%  Lat:0.416±0.132ms  Power:4.80W(Δ:0.00W)  FPS/W:500.59(Δ:0.00)  Temp:28.5→27.2°C

MNIST Round 5 complete. [14:42:47]

  [end of MNIST round 5] cooling down 300s...
    300s remaining...
    270s remaining...
    240s remaining...
    210s remaining...
    180s remaining...
    150s remaining...
    120s remaining...
    90s remaining...
    60s remaining...
    30s remaining...
  Done cooling.

============================================================
MNIST ROUND 6/10  [14:47:47]
============================================================

── MNIST DPU  round 6 [14:47:47]
  Loading MNIST xmodel...
  Measuring idle power (10s)...
  Warmup (10 frames)...
  Benchmarking (100 frames)...
  ✓ FPS:3651.4  Acc:99.0%  Lat:0.274±0.017ms  Power:5.03W(Δ:0.21W)  FPS/W:725.92(Δ:17142.52)  Temp:27.1→27.3°C

  [mnist dpu→cpu] cooling down 60s...
    60s remaining...
    30s remaining...
  Done cooling.

── MNIST CPU  round 6 [14:48:58]
  Loading MNIST ONNX model...
  Measuring idle power (10s)...
  Warmup (5 frames)...
  Benchmarking (100 frames)...
  ✓ FPS:2422.7  Acc:98.0%  Lat:0.413±0.119ms  Power:4.79W(Δ:0.00W)  FPS/W:505.77(Δ:0.00)  Temp:28.5→28.7°C

MNIST Round 6 complete. [14:49:08]

  [end of MNIST round 6] cooling down 300s...
    300s remaining...
    270s remaining...
    240s remaining...
    210s remaining...
    180s remaining...
    150s remaining...
    120s remaining...
    90s remaining...
    60s remaining...
    30s remaining...
  Done cooling.

============================================================
MNIST ROUND 7/10  [14:54:08]
============================================================

── MNIST DPU  round 7 [14:54:08]
  Loading MNIST xmodel...
  Measuring idle power (10s)...
  Warmup (10 frames)...
  Benchmarking (100 frames)...
  ✓ FPS:3571.9  Acc:99.0%  Lat:0.280±0.027ms  Power:4.83W(Δ:0.01W)  FPS/W:739.53(Δ:292780.07)  Temp:27.7→28.1°C

  [mnist dpu→cpu] cooling down 60s...
    60s remaining...
    30s remaining...
  Done cooling.

── MNIST CPU  round 7 [14:55:18]
  Loading MNIST ONNX model...
  Measuring idle power (10s)...
  Warmup (5 frames)...
  Benchmarking (100 frames)...
  ✓ FPS:2431.9  Acc:98.0%  Lat:0.411±0.136ms  Power:4.80W(Δ:0.00W)  FPS/W:506.64(Δ:0.00)  Temp:27.6→28.8°C

MNIST Round 7 complete. [14:55:28]

  [end of MNIST round 7] cooling down 300s...
    300s remaining...
    270s remaining...
    240s remaining...
    210s remaining...
    180s remaining...
    150s remaining...
    120s remaining...
    90s remaining...
    60s remaining...
    30s remaining...
  Done cooling.

============================================================
MNIST ROUND 8/10  [15:00:29]
============================================================

── MNIST DPU  round 8 [15:00:29]
  Loading MNIST xmodel...
  Measuring idle power (10s)...
  Warmup (10 frames)...
  Benchmarking (100 frames)...
  ✓ FPS:3620.8  Acc:99.0%  Lat:0.276±0.022ms  Power:4.80W(Δ:0.00W)  FPS/W:754.34(Δ:0.00)  Temp:28.5→28.2°C

  [mnist dpu→cpu] cooling down 60s...
    60s remaining...
    30s remaining...
  Done cooling.

── MNIST CPU  round 8 [15:01:39]
  Loading MNIST ONNX model...
  Measuring idle power (10s)...
  Warmup (5 frames)...
  Benchmarking (100 frames)...
  ✓ FPS:2376.5  Acc:98.0%  Lat:0.421±0.135ms  Power:4.80W(Δ:0.00W)  FPS/W:495.10(Δ:0.00)  Temp:28.7→28.5°C

MNIST Round 8 complete. [15:01:49]

  [end of MNIST round 8] cooling down 300s...
    300s remaining...
    270s remaining...
    240s remaining...
    210s remaining...
    180s remaining...
    150s remaining...
    120s remaining...
    90s remaining...
    60s remaining...
    30s remaining...
  Done cooling.

============================================================
MNIST ROUND 9/10  [15:06:49]
============================================================

── MNIST DPU  round 9 [15:06:49]
  Loading MNIST xmodel...
  Measuring idle power (10s)...
  Warmup (10 frames)...
  Benchmarking (100 frames)...
  ✓ FPS:3665.2  Acc:99.0%  Lat:0.273±0.010ms  Power:4.80W(Δ:0.00W)  FPS/W:763.59(Δ:0.00)  Temp:28.6→27.7°C

  [mnist dpu→cpu] cooling down 60s...
    60s remaining...
    30s remaining...
  Done cooling.

── MNIST CPU  round 9 [15:08:00]
  Loading MNIST ONNX model...
  Measuring idle power (10s)...
  Warmup (5 frames)...
  Benchmarking (100 frames)...
  ✓ FPS:2422.6  Acc:98.0%  Lat:0.413±0.120ms  Power:4.79W(Δ:0.00W)  FPS/W:505.76(Δ:0.00)  Temp:28.4→28.5°C

MNIST Round 9 complete. [15:08:10]

  [end of MNIST round 9] cooling down 300s...
    300s remaining...
    270s remaining...
    240s remaining...
    210s remaining...
    180s remaining...
    150s remaining...
    120s remaining...
    90s remaining...
    60s remaining...
    30s remaining...
  Done cooling.

============================================================
MNIST ROUND 10/10  [15:13:10]
============================================================

── MNIST DPU  round 10 [15:13:10]
  Loading MNIST xmodel...
  Measuring idle power (10s)...
  Warmup (10 frames)...
  Benchmarking (100 frames)...
  ✓ FPS:3666.7  Acc:99.0%  Lat:0.273±0.018ms  Power:4.93W(Δ:0.12W)  FPS/W:743.75(Δ:31020.97)  Temp:29.2→27.5°C

  [mnist dpu→cpu] cooling down 60s...
    60s remaining...
    30s remaining...
  Done cooling.

── MNIST CPU  round 10 [15:14:20]
  Loading MNIST ONNX model...
  Measuring idle power (10s)...
  Warmup (5 frames)...
  Benchmarking (100 frames)...
  ✓ FPS:2421.2  Acc:98.0%  Lat:0.413±0.122ms  Power:5.04W(Δ:0.20W)  FPS/W:480.40(Δ:11880.34)  Temp:29.2→28.6°C

MNIST Round 10 complete. [15:14:30]

DPU overlay released.

WARNING: resizer.bit not found at /root/jupyter_notebooks/pynq-resizer/resizer.bit — skipping resizer benchmarks.

============================================================
ALL DONE — 2026-08-12 15:14:30
Results appended to: /home/ubuntu/dpu_benchmark/RESULTS_extra.md
